// Jest Snapshot v1, https://goo.gl/fbAQLP

exports[`Event renders correctly 1`] = `
<View>
  <View>
    <Text>
      Hi, 
      Marie
      !
    </Text>
  </View>
</View>
`;
