// Jest Snapshot v1, https://goo.gl/fbAQLP

exports[`FAB renders correclty 1`] = `
<View
  style={
    Object {
      "backgroundColor": "#03dac4",
      "borderRadius": 28,
      "bottom": 0,
      "elevation": 6,
      "margin": 16,
      "opacity": 1,
      "position": "absolute",
      "right": 0,
      "shadowColor": "#000000",
      "shadowOffset": Object {
        "height": 5,
        "width": 0,
      },
      "shadowOpacity": 0.24,
      "shadowRadius": 6,
      "transform": Array [
        Object {
          "scale": 1,
        },
      ],
      "zIndex": 1,
    }
  }
  visible={true}
>
  <View
    accessibilityRole="button"
    accessible={true}
    isTVSelectable={true}
    onResponderGrant={[Function]}
    onResponderMove={[Function]}
    onResponderRelease={[Function]}
    onResponderTerminate={[Function]}
    onResponderTerminationRequest={[Function]}
    onStartShouldSetResponder={[Function]}
    style={
      Array [
        Object {
          "overflow": "hidden",
        },
        Object {
          "borderRadius": 28,
        },
      ]
    }
  >
    <View
      pointerEvents="none"
      style={
        Array [
          Object {
            "alignItems": "center",
            "flexDirection": "row",
            "justifyContent": "center",
          },
          Object {
            "height": 56,
            "width": 56,
          },
        ]
      }
    >
      <View
        style={
          Array [
            Object {
              "alignItems": "center",
              "justifyContent": "center",
            },
            Object {
              "height": 24,
              "width": 24,
            },
          ]
        }
      >
        <View
          style={
            Object {
              "bottom": 0,
              "left": 0,
              "opacity": 1,
              "position": "absolute",
              "right": 0,
              "top": 0,
              "transform": Array [
                Object {
                  "rotate": "0deg",
                },
              ],
            }
          }
        >
          <Text
            accessibilityElementsHidden={true}
            allowFontScaling={false}
            importantForAccessibility="no-hide-descendants"
            pointerEvents="none"
            style={
              Array [
                Object {
                  "color": "rgba(0, 0, 0, .54)",
                  "fontSize": 24,
                },
                Array [
                  Object {
                    "transform": Array [
                      Object {
                        "scaleX": 1,
                      },
                    ],
                  },
                  Object {
                    "backgroundColor": "transparent",
                  },
                ],
                Object {
                  "fontFamily": "Material Icons",
                  "fontStyle": "normal",
                  "fontWeight": "normal",
                },
                Object {},
              ]
            }
          >
            î—Š
          </Text>
        </View>
      </View>
    </View>
  </View>
</View>
`;

exports[`StatusBar renders correctly 1`] = `null`;
